// Jest Snapshot v1, https://goo.gl/fbAQLP

exports[`watpl should have a buffer property 1`] = `
Uint8Array [
  0,
  97,
  115,
  109,
  1,
  0,
  0,
  0,
  1,
  7,
  1,
  96,
  2,
  127,
  127,
  1,
  127,
  3,
  2,
  1,
  0,
  7,
  7,
  1,
  3,
  97,
  100,
  100,
  0,
  0,
  10,
  9,
  1,
  7,
  0,
  32,
  0,
  32,
  1,
  106,
  11,
]
`;

exports[`watpl should have a module property 1`] = `Module {}`;

exports[`watpl should have a module property 2`] = `
Array [
  Object {
    "kind": "function",
    "name": "add",
  },
]
`;

exports[`watpl should have a module property 3`] = `Array []`;

exports[`watpl should have a string property 1`] = `
"(module
  (func (;0;) (param $lhs i32) (param $rhs i32) (result i32)
    local.get $lhs
    local.get $rhs
    i32.add)
  (export \\"add\\" (func 0))
  (type (;0;) (func (param i32 i32) (result i32))))
"
`;

exports[`watpl should have a toString method 1`] = `
"(module
  (func (;0;) (param $lhs i32) (param $rhs i32) (result i32)
    local.get $lhs
    local.get $rhs
    i32.add)
  (export \\"add\\" (func 0))
  (type (;0;) (func (param i32 i32) (result i32))))
"
`;

exports[`watpl should have an instantiate method 1`] = `Instance {}`;

exports[`watpl should have an instantiate method 2`] = `Instance {}`;

exports[`watpl should interpolate functions 1`] = `
"(module
  (func (;0;) (param $lhs i32) (param $rhs i32) (result i32)
    local.get $lhs
    local.get $rhs
    i32.add)
  (export \\"add\\" (func 0))
  (type (;0;) (func (param i32 i32) (result i32))))
"
`;

exports[`watpl should interpolate numbers 1`] = `
"(module
  (func (;0;) (param $lhs i32) (param $rhs i32) (result i32)
    local.get $lhs
    local.get $rhs
    i32.add)
  (export \\"add\\" (func 0))
  (type (;0;) (func (param i32 i32) (result i32))))
"
`;

exports[`watpl should interpolate strings 1`] = `
"(module
  (func (;0;) (param $lhs i32) (param $rhs i32) (result i32)
    local.get $lhs
    local.get $rhs
    i32.add)
  (export \\"add\\" (func 0))
  (type (;0;) (func (param i32 i32) (result i32))))
"
`;

exports[`watpl should return module from string 1`] = `
"(module
  (func (;0;) (param $lhs i32) (param $rhs i32) (result i32)
    local.get $lhs
    local.get $rhs
    i32.add)
  (export \\"add\\" (func 0))
  (type (;0;) (func (param i32 i32) (result i32))))
"
`;
